
> recruiter-ai-frontend@1.0.0 build
> vite build

[36mvite v5.4.21 [32mbuilding for production...[36m[39m
transforming...
[32mΓ£ô[39m 2238 modules transformed.
node.exe : [31mx[39m Build 
failed in 4.64s
At C:\Program 
Files\nodejs\npm.ps1:29 char:3
+   & $NODE_EXE $NPM_CLI_JS $args
+   ~~~~~~~~~~~~~~~~~~~~~~~~~~~~~
    + CategoryInfo          : Not 
   Specified: ([31mx[39m Build  
   failed in 4.64s:String) [],    
 RemoteException
    + FullyQualifiedErrorId : Nat 
   iveCommandError
 
[31merror during build:
[31msrc/pages/Leads.jsx (6:7): 
"default" is not exported by 
"src/store/authStore.js", 
imported by 
"src/pages/Leads.jsx".[31m
file: [36mC:/Users/ayush/OneDrive
/Desktop/AGENT 2/recruiter-ai-back
end/frontend/src/pages/Leads.jsx:6
:7[31m
[33m
4: import LeadCard from 
'../components/LeadCard.jsx';
5: import useLeadStore from 
'../store/leadStore.js';
6: import useAuthStore from 
'../store/authStore.js';
          ^
7: 
8: const Leads = () => {
[31m
    at getRollupError (file:///C:/
Users/ayush/OneDrive/Desktop/AGENT
%202/recruiter-ai-backend/frontend
/node_modules/rollup/dist/es/share
d/parseAst.js:401:41)
    at error (file:///C:/Users/ayu
sh/OneDrive/Desktop/AGENT%202/recr
uiter-ai-backend/frontend/node_mod
ules/rollup/dist/es/shared/parseAs
t.js:397:42)
    at Module.error (file:///C:/Us
ers/ayush/OneDrive/Desktop/AGENT%2
02/recruiter-ai-backend/frontend/n
ode_modules/rollup/dist/es/shared/
node-entry.js:17022:16)
    at Module.traceVariable (file:
///C:/Users/ayush/OneDrive/Desktop
/AGENT%202/recruiter-ai-backend/fr
ontend/node_modules/rollup/dist/es
/shared/node-entry.js:17478:29)
    at ModuleScope.findVariable (f
ile:///C:/Users/ayush/OneDrive/Des
ktop/AGENT%202/recruiter-ai-backen
d/frontend/node_modules/rollup/dis
t/es/shared/node-entry.js:15141:39
)
    at 
ReturnValueScope.findVariable (fil
e:///C:/Users/ayush/OneDrive/Deskt
op/AGENT%202/recruiter-ai-backend/
frontend/node_modules/rollup/dist/
es/shared/node-entry.js:5688:38)
    at 
FunctionBodyScope.findVariable (fi
le:///C:/Users/ayush/OneDrive/Desk
top/AGENT%202/recruiter-ai-backend
/frontend/node_modules/rollup/dist
/es/shared/node-entry.js:5688:38)
    at Identifier.bind (file:///C:
/Users/ayush/OneDrive/Desktop/AGEN
T%202/recruiter-ai-backend/fronten
d/node_modules/rollup/dist/es/shar
ed/node-entry.js:5462:40)
    at CallExpression.bind (file:/
//C:/Users/ayush/OneDrive/Desktop/
AGENT%202/recruiter-ai-backend/fro
ntend/node_modules/rollup/dist/es/
shared/node-entry.js:2829:23)
    at CallExpression.bind (file:/
//C:/Users/ayush/OneDrive/Desktop/
AGENT%202/recruiter-ai-backend/fro
ntend/node_modules/rollup/dist/es/
shared/node-entry.js:12172:15)[39
m
